Date: 2026-09-12 UTC
[21:12:51.201] weston 13.0.0
               https://wayland.freedesktop.org
               Bug reports to: https://gitlab.freedesktop.org/wayland/weston/issues/
               Build: 13.0.0
[21:12:51.201] Command line: weston --backend=headless-backend.so --use-pixman --socket=wayland-kokuban-paired --idle-time=0 --width=1280 --height=900 --log=/home/runner/work/_temp/kokuban-paired-evidence/weston.log
[21:12:51.201] OS: Linux, 6.17.0-1022-azure, #22-Ubuntu SMP Mon Jul 27 17:24:03 UTC 2026, x86_64
[21:12:51.201] Flight recorder: enabled
[21:12:51.201] Starting with no config file.
[21:12:51.202] Output repaint window is 7 ms maximum.
[21:12:51.202] Loading module '/usr/lib/x86_64-linux-gnu/libweston-13/headless-backend.so'
[21:12:51.206] Using Pixman renderer
[21:12:51.206] Registered plugin API 'weston_windowed_output_api_v2' of size 16
[21:12:51.206] Color manager: no-op
[21:12:51.206] Output 'headless' attempts EOTF mode: SDR
[21:12:51.206] Output 'headless' using color profile: stock sRGB color profile
[21:12:51.206] Output 'headless' enabled with head(s) headless
[21:12:51.207] Compositor capabilities:
               arbitrary surface rotation: yes
               screen capture uses y-flip: no
               cursor planes: no
               arbitrary resolutions: no
               view mask clipping: yes
               explicit sync: no
               color operations: no
               presentation clock: CLOCK_MONOTONIC_RAW, id 4
               presentation clock resolution: 0.000000001 s
[21:12:51.207] Loading module '/usr/lib/x86_64-linux-gnu/weston/desktop-shell.so'
[21:12:51.207] launching '/usr/libexec/weston-keyboard'
[21:12:51.207] launching '/usr/libexec/weston-desktop-shell'
[21:13:49.584] caught signal 15
[21:13:49.584] BUG: finalizing a layer with views still on it.
