Date: 2026-09-13 UTC
[07:02:08.682] weston 13.0.0
               https://wayland.freedesktop.org
               Bug reports to: https://gitlab.freedesktop.org/wayland/weston/issues/
               Build: 13.0.0
[07:02:08.682] Command line: weston --backend=headless-backend.so --use-pixman --socket=wayland-kokuban-paired --idle-time=0 --width=1280 --height=900 --log=/home/runner/work/_temp/kokuban-paired-evidence/weston.log
[07:02:08.682] OS: Linux, 6.17.0-1022-azure, #22-Ubuntu SMP Mon Jul 27 17:24:03 UTC 2026, x86_64
[07:02:08.682] Flight recorder: enabled
[07:02:08.683] Starting with no config file.
[07:02:08.683] Output repaint window is 7 ms maximum.
[07:02:08.683] Loading module '/usr/lib/x86_64-linux-gnu/libweston-13/headless-backend.so'
[07:02:08.696] Using Pixman renderer
[07:02:08.696] Registered plugin API 'weston_windowed_output_api_v2' of size 16
[07:02:08.696] Color manager: no-op
[07:02:08.702] Output 'headless' attempts EOTF mode: SDR
[07:02:08.702] Output 'headless' using color profile: stock sRGB color profile
[07:02:08.702] Output 'headless' enabled with head(s) headless
[07:02:08.702] Compositor capabilities:
               arbitrary surface rotation: yes
               screen capture uses y-flip: no
               cursor planes: no
               arbitrary resolutions: no
               view mask clipping: yes
               explicit sync: no
               color operations: no
               presentation clock: CLOCK_MONOTONIC_RAW, id 4
               presentation clock resolution: 0.000000001 s
[07:02:08.703] Loading module '/usr/lib/x86_64-linux-gnu/weston/desktop-shell.so'
[07:02:08.703] launching '/usr/libexec/weston-keyboard'
[07:02:08.703] launching '/usr/libexec/weston-desktop-shell'
[07:03:14.769] caught signal 15
[07:03:14.770] BUG: finalizing a layer with views still on it.
