Date: 2026-09-11 UTC
[16:37:43.227] weston 13.0.0
               https://wayland.freedesktop.org
               Bug reports to: https://gitlab.freedesktop.org/wayland/weston/issues/
               Build: 13.0.0
[16:37:43.227] Command line: weston --backend=headless-backend.so --use-pixman --socket=wayland-kokuban-paired --idle-time=0 --width=1280 --height=900 --log=/home/runner/work/_temp/kokuban-paired-evidence/weston.log
[16:37:43.227] OS: Linux, 6.17.0-1022-azure, #22-Ubuntu SMP Mon Jul 27 17:24:03 UTC 2026, x86_64
[16:37:43.227] Flight recorder: enabled
[16:37:43.227] Starting with no config file.
[16:37:43.227] Output repaint window is 7 ms maximum.
[16:37:43.227] Loading module '/usr/lib/x86_64-linux-gnu/libweston-13/headless-backend.so'
[16:37:43.256] Using Pixman renderer
[16:37:43.256] Registered plugin API 'weston_windowed_output_api_v2' of size 16
[16:37:43.256] Color manager: no-op
[16:37:43.261] Output 'headless' attempts EOTF mode: SDR
[16:37:43.261] Output 'headless' using color profile: stock sRGB color profile
[16:37:43.261] Output 'headless' enabled with head(s) headless
[16:37:43.261] Compositor capabilities:
               arbitrary surface rotation: yes
               screen capture uses y-flip: no
               cursor planes: no
               arbitrary resolutions: no
               view mask clipping: yes
               explicit sync: no
               color operations: no
               presentation clock: CLOCK_MONOTONIC_RAW, id 4
               presentation clock resolution: 0.000000001 s
[16:37:43.261] Loading module '/usr/lib/x86_64-linux-gnu/weston/desktop-shell.so'
[16:37:43.261] launching '/usr/libexec/weston-keyboard'
[16:37:43.262] launching '/usr/libexec/weston-desktop-shell'
[16:39:03.909] caught signal 15
[16:39:03.910] BUG: finalizing a layer with views still on it.
